D:\Sources\D1Test\MjsApi>firebase init

     ######## #### ########  ######## ########     ###     ######  ########
     ##        ##  ##     ## ##       ##     ##  ##   ##  ##       ##
     ######    ##  ########  ######   ########  #########  ######  ######
     ##        ##  ##    ##  ##       ##     ## ##     ##       ## ##
     ##       #### ##     ## ######## ########  ##     ##  ######  ########

You're about to initialize a Firebase project in this directory:

  D:\Sources\D1Test\MjsApi

? Are you ready to proceed? Yes
? Which Firebase CLI features do you want to setup for this folder? Press Space to select features, then Enter to confi
rm your choices. Hosting: Configure and deploy Firebase Hosting sites

=== Project Setup

First, let's associate this project directory with a Firebase project.
You can create multiple project aliases by running firebase use --add,
but for now we'll just set up a default project.

? Select a default Firebase project for this directory: [create a new project]

=== Hosting Setup

Your public directory is the folder (relative to your project directory) that
will contain Hosting assets to be uploaded with firebase deploy. If you
have a build process for your assets, use your build's output directory.

? What do you want to use as your public directory? public
? Configure as a single-page app (rewrite all urls to /index.html)? No
+  Wrote public/404.html
+  Wrote public/index.html

i  Writing configuration info to firebase.json...
i  Writing project information to .firebaserc...

+  Firebase initialization complete!

Project creation is only available from the Firebase Console
Please visit https://console.firebase.google.com to create a new project, then run firebase use --add

D:\Sources\D1Test\MjsApi>firebase list
┌────────┬───────────────────────┬─────────────┐
│ Name   │ Project ID / Instance │ Permissions │
├────────┼───────────────────────┼─────────────┤
│ MjsApi │ mjs-api               │ Owner       │
└────────┴───────────────────────┴─────────────┘

D:\Sources\D1Test\MjsApi>firebase use
No project is currently active.

Run firebase use --add to define a new project alias.

D:\Sources\D1Test\MjsApi>firebase deploy

Error: No project active. Run with --project <projectId> or define an alias by
running firebase use --add

D:\Sources\D1Test\MjsApi>firebase deploy mjs-api

Error: Too many arguments. Run firebase help deploy for usage instructions

Having trouble? Try firebase deploy --help

D:\Sources\D1Test\MjsApi>firebase deploy --project mjs-api

=== Deploying to 'mjs-api'...

i  deploying hosting
i  hosting[mjs-api]: beginning deploy...
i  hosting[mjs-api]: found 2 files in public
+  hosting[mjs-api]: file upload complete
i  hosting[mjs-api]: finalizing version...
+  hosting[mjs-api]: version finalized
i  hosting[mjs-api]: releasing new version...
+  hosting[mjs-api]: release complete

+  Deploy complete!

Project Console: https://console.firebase.google.com/project/mjs-api/overview
Hosting URL: https://mjs-api.firebaseapp.com